---
source: bench/tests/query_results/bsbm.rs
expression: "run_select_query(&store, include_str!(\"./queries/bi-q1.sparql\")).await"
---
{
  "head": {
    "vars": [
      "productType",
      "reviewCount"
    ]
  },
  "results": {
    "bindings": [
      {
        "productType": {
          "type": "uri",
          "value": "http://www4.wiwiss.fu-berlin.de/bizer/bsbm/v01/instances/ProductType1"
        },
        "reviewCount": {
          "datatype": "http://www.w3.org/2001/XMLSchema#integer",
          "type": "literal",
          "value": "108"
        }
      },
      {
        "productType": {
          "type": "uri",
          "value": "http://www4.wiwiss.fu-berlin.de/bizer/bsbm/v01/instances/ProductType4"
        },
        "reviewCount": {
          "datatype": "http://www.w3.org/2001/XMLSchema#integer",
          "type": "literal",
          "value": "29"
        }
      },
      {
        "productType": {
          "type": "uri",
          "value": "http://www4.wiwiss.fu-berlin.de/bizer/bsbm/v01/instances/ProductType2"
        },
        "reviewCount": {
          "datatype": "http://www.w3.org/2001/XMLSchema#integer",
          "type": "literal",
          "value": "26"
        }
      },
      {
        "productType": {
          "type": "uri",
          "value": "http://www4.wiwiss.fu-berlin.de/bizer/bsbm/v01/instances/ProductType3"
        },
        "reviewCount": {
          "datatype": "http://www.w3.org/2001/XMLSchema#integer",
          "type": "literal",
          "value": "24"
        }
      },
      {
        "productType": {
          "type": "uri",
          "value": "http://www4.wiwiss.fu-berlin.de/bizer/bsbm/v01/instances/ProductType5"
        },
        "reviewCount": {
          "datatype": "http://www.w3.org/2001/XMLSchema#integer",
          "type": "literal",
          "value": "19"
        }
      },
      {
        "productType": {
          "type": "uri",
          "value": "http://www4.wiwiss.fu-berlin.de/bizer/bsbm/v01/instances/ProductType14"
        },
        "reviewCount": {
          "datatype": "http://www.w3.org/2001/XMLSchema#integer",
          "type": "literal",
          "value": "12"
        }
      },
      {
        "productType": {
          "type": "uri",
          "value": "http://www4.wiwiss.fu-berlin.de/bizer/bsbm/v01/instances/ProductType104"
        },
        "reviewCount": {
          "datatype": "http://www.w3.org/2001/XMLSchema#integer",
          "type": "literal",
          "value": "11"
        }
      },
      {
        "productType": {
          "type": "uri",
          "value": "http://www4.wiwiss.fu-berlin.de/bizer/bsbm/v01/instances/ProductType19"
        },
        "reviewCount": {
          "datatype": "http://www.w3.org/2001/XMLSchema#integer",
          "type": "literal",
          "value": "11"
        }
      },
      {
        "productType": {
          "type": "uri",
          "value": "http://www4.wiwiss.fu-berlin.de/bizer/bsbm/v01/instances/ProductType32"
        },
        "reviewCount": {
          "datatype": "http://www.w3.org/2001/XMLSchema#integer",
          "type": "literal",
          "value": "11"
        }
      },
      {
        "productType": {
          "type": "uri",
          "value": "http://www4.wiwiss.fu-berlin.de/bizer/bsbm/v01/instances/ProductType10"
        },
        "reviewCount": {
          "datatype": "http://www.w3.org/2001/XMLSchema#integer",
          "type": "literal",
          "value": "10"
        }
      }
    ]
  }
}
