---
source: bench/tests/results/bsbm.rs
expression: "run_explore_query(&store, include_str!(\"./queries/explore-q8.sparql\")).await"
---
{
  "head": {
    "vars": [
      "title",
      "text",
      "reviewDate",
      "reviewer",
      "reviewerName",
      "rating1",
      "rating2",
      "rating3",
      "rating4"
    ]
  },
  "results": {
    "bindings": [
      {
        "rating1": {
          "datatype": "http://www.w3.org/2001/XMLSchema#integer",
          "type": "literal",
          "value": "10"
        },
        "rating2": {
          "datatype": "http://www.w3.org/2001/XMLSchema#integer",
          "type": "literal",
          "value": "2"
        },
        "rating3": {
          "datatype": "http://www.w3.org/2001/XMLSchema#integer",
          "type": "literal",
          "value": "7"
        },
        "rating4": {
          "datatype": "http://www.w3.org/2001/XMLSchema#integer",
          "type": "literal",
          "value": "4"
        },
        "reviewDate": {
          "datatype": "http://www.w3.org/2001/XMLSchema#dateTime",
          "type": "literal",
          "value": "2008-06-14T00:00:00"
        },
        "reviewer": {
          "type": "uri",
          "value": "http://www4.wiwiss.fu-berlin.de/bizer/bsbm/v01/instances/dataFromRatingSite1/Reviewer409"
        },
        "reviewerName": {
          "type": "literal",
          "value": "Abigayle-Chad"
        },
        "text": {
          "type": "literal",
          "value": "accosting marxism pieced deco disclosure abnormally cribbed diplopod fatigued sweatily hacker cowages sorrels defuzed tatter hocking emblazonment ungodly conveyancing ghat uncompressed reverses sprucing divorcees rheumatogenic overcapacity sirup nepotistical tinkers happiness switchbacks sloops grounded humblers inhibiting molter areolate floorthrough xxiii retroact quadrantal cragsman philter furloughing hasta elegises dirtily gringo frightens grounds noes faggot statuting skyman astrophysicists voicedness sumatran pantries corpulences staccatos forevers worrywarts spermatocide conformers feudally sixtieths matings overreactions ballpoints amoretti unlevelled infraction zipping durrs godchildren jangling overleaps explicated purebred roentgenograms monasticism telephones maintainer offered finked fells polymerized hypersexualities soothsaid cajolement orchectomy commissioned tyrannis beefsteaks wapping thearchies cows dichotic reclassifies theremins kilovolts volkswagens techniques kronor preservatives trustifying curries hazels waterfowls intensity scavengery chirped exegetic untested krone toolers familiarizes unwind duckpin patrons pries headquartering colostomy honorer enchantresses shews nobs frights sickness quadruplets processional comprize landholder sweepy posthumously raunchier grandness acrider cyclotrons hassled handbills dandlers unperceptive abracadabra imaginarily misrepresentation salinized jejunums ichthyology despatch virologies foreshadower amusingly laundromats kilning",
          "xml:lang": "en"
        },
        "title": {
          "type": "literal",
          "value": "intends coifs wight subcategories pangs pacers nativism commercialization typewrote redemanded tribulations gallops"
        }
      },
      {
        "rating1": {
          "datatype": "http://www.w3.org/2001/XMLSchema#integer",
          "type": "literal",
          "value": "10"
        },
        "reviewDate": {
          "datatype": "http://www.w3.org/2001/XMLSchema#dateTime",
          "type": "literal",
          "value": "2008-03-22T00:00:00"
        },
        "reviewer": {
          "type": "uri",
          "value": "http://www4.wiwiss.fu-berlin.de/bizer/bsbm/v01/instances/dataFromRatingSite1/Reviewer44"
        },
        "reviewerName": {
          "type": "literal",
          "value": "Ignacia"
        },
        "text": {
          "type": "literal",
          "value": "snugged schizoidism circumambulated recrudesces palmettes dolorous legation overrunning wracks pogroms peahens harmonized tassels incumbents winterier amnesties barefit bodkin cassias ennoblements moos dumbing hogshead calx millimetric unabsorbent unlucky riels headrooms raptly briefs concubinage pinches hydrotherapeutics raspy drawer klystrons yuletides chisels detriments wittily chillness photocomposes gibbering cognitional franchisers frills cree resumers frightens nonpunishable insheathe genealogists reengage thicker cracking parleyed gen jocosities sherlocks wreckers biotechnological victimizing carmaker succoring valuers fetidness twiddling avoirdupois reindexes commutative subplots dreggish braids marginate froward divines vacuously monotheist dusters unobserved abodes remarkers alar hairiness discard ropable sweetie astringency explains halvers zagged bronzings placentation inspects barding distaffs rummaging overassured manifoldly reoccupations pestilentially seconded antigravity newsreels argentic faltered nuanced windburns galipot landscaped unsticking challahs minks omnivorous upsurging floodlights businesswomen",
          "xml:lang": "en"
        },
        "title": {
          "type": "literal",
          "value": "garths outwalking shrewishness marxism habitude"
        }
      },
      {
        "rating1": {
          "datatype": "http://www.w3.org/2001/XMLSchema#integer",
          "type": "literal",
          "value": "10"
        },
        "rating2": {
          "datatype": "http://www.w3.org/2001/XMLSchema#integer",
          "type": "literal",
          "value": "1"
        },
        "rating3": {
          "datatype": "http://www.w3.org/2001/XMLSchema#integer",
          "type": "literal",
          "value": "9"
        },
        "rating4": {
          "datatype": "http://www.w3.org/2001/XMLSchema#integer",
          "type": "literal",
          "value": "8"
        },
        "reviewDate": {
          "datatype": "http://www.w3.org/2001/XMLSchema#dateTime",
          "type": "literal",
          "value": "2008-02-14T00:00:00"
        },
        "reviewer": {
          "type": "uri",
          "value": "http://www4.wiwiss.fu-berlin.de/bizer/bsbm/v01/instances/dataFromRatingSite1/Reviewer375"
        },
        "reviewerName": {
          "type": "literal",
          "value": "Avimelech-Bhuvana"
        },
        "text": {
          "type": "literal",
          "value": "abrogative gustation misshaping furnishings protecting extroverted shutters metrists guardant herbage effaces montane leaseback dendrites pinesaps interdictor upscale nicaraguans stepsons lawlessly layered formulation disinterring tripods rhinitis lothario untreading encloser proconsulship carnie knows embitters deputed leased ambivert colorless shrills spouter flared nonpartisans flattest ribbed nonsecretly logwoods precollegiate becalms theatre placers brunches checkable bootie perfectest steelyard quaking striplings bowled pushier tottery crunched sharkers darking feller scorifying fibril transcribed megavitamin knackwursts hauberk horsily fellas materially flanking gallants relater hypnotized scenting tertiaries meritocracies underwaists coplots annually ogrishly befalling vascularities ratiocinates peckier occupationally numbskull languorous wiling",
          "xml:lang": "en"
        },
        "title": {
          "type": "literal",
          "value": "linens coshes congeniality encrusting morassy"
        }
      },
      {
        "rating2": {
          "datatype": "http://www.w3.org/2001/XMLSchema#integer",
          "type": "literal",
          "value": "4"
        },
        "reviewDate": {
          "datatype": "http://www.w3.org/2001/XMLSchema#dateTime",
          "type": "literal",
          "value": "2008-01-10T00:00:00"
        },
        "reviewer": {
          "type": "uri",
          "value": "http://www4.wiwiss.fu-berlin.de/bizer/bsbm/v01/instances/dataFromRatingSite1/Reviewer311"
        },
        "reviewerName": {
          "type": "literal",
          "value": "Fiammetta-Phylo"
        },
        "text": {
          "type": "literal",
          "value": "crimean pellagras matin leaving radiotelemetries antihumanism stingier triage spelunkers untenable speeches conjectures pissoirs weregild infernos nondiscrimination pretests noetic redbug unbecomingly northwestwardly mismanagement knacks captives gendered homilies thereunto statutes unconquerably regressors getups infrequence relatedness unhallowed overwhelm pins argosy cosmonauts cartomancies outing unconsecrated worktables correcting veganisms satisfactoriness deciphering jousts helpfulness instructorship signifies braces hoarsely iterates inhabitants effortless purports misplaced wordbooks sigmoids biased blanked orientated lovely pollee gamer transmigratory suppuration travellers cocoanut distortable bedrails handselling embalmed cricketing sappiness mouthers fess amelioration smashingly vulval revising mewling prancing gapers riptides sinhalese strangely pollinator lumpens cannonism fanlights unsuitability unedifying weathered graben crowned arresters ignited alcoholization calamines seral millennial retranslating timidly larboards ullage subagencies mellowly overtops tommyrot awareness framable chirologies toiletries congas toyons workbenches stagiest izzards unfairness japonica serenaders overspecialized deistic auxins",
          "xml:lang": "en"
        },
        "title": {
          "type": "literal",
          "value": "sabers legitimation spiritually standishes tyros dissonance madders congeals insignificance sniffy forefoot convoking unanswerable panoplies"
        }
      },
      {
        "rating1": {
          "datatype": "http://www.w3.org/2001/XMLSchema#integer",
          "type": "literal",
          "value": "8"
        },
        "rating2": {
          "datatype": "http://www.w3.org/2001/XMLSchema#integer",
          "type": "literal",
          "value": "2"
        },
        "rating4": {
          "datatype": "http://www.w3.org/2001/XMLSchema#integer",
          "type": "literal",
          "value": "1"
        },
        "reviewDate": {
          "datatype": "http://www.w3.org/2001/XMLSchema#dateTime",
          "type": "literal",
          "value": "2007-12-26T00:00:00"
        },
        "reviewer": {
          "type": "uri",
          "value": "http://www4.wiwiss.fu-berlin.de/bizer/bsbm/v01/instances/dataFromRatingSite1/Reviewer329"
        },
        "reviewerName": {
          "type": "literal",
          "value": "Mako-Hilderun"
        },
        "text": {
          "type": "literal",
          "value": "potences asphyxiant defeated uneasiest peddlery donnish figured twinkly fablers misbehaved defuzed fairly phaser lappers abnormalities driving enigmas destructibility encode hiccuped dulls tacklings stolidest tartness bartending recirculation flaker cadge abbreviator flashforwards satanisms beefeaters pennsylvanians harrows applies subofficers flenched schizoids carrying cloches hemotoxin favourer balefully wimple bawds clued marjorams analytically mutters irrecoverably disavowing ravened humeral goddaughters backbitten vocalizer bailsman outboards entail forceless sensuality overlordship slovens intermarriage loudliest cameleers allotypes unsurmountably matzohs ingrates aper polydactylies molybdic waning patches protozoology penknife chummiest grouching",
          "xml:lang": "en"
        },
        "title": {
          "type": "literal",
          "value": "beadiest chittering enunciations publicity vaunty equities sadnesses sunderers misdoing tractions reutilized"
        }
      },
      {
        "rating1": {
          "datatype": "http://www.w3.org/2001/XMLSchema#integer",
          "type": "literal",
          "value": "1"
        },
        "rating2": {
          "datatype": "http://www.w3.org/2001/XMLSchema#integer",
          "type": "literal",
          "value": "6"
        },
        "rating4": {
          "datatype": "http://www.w3.org/2001/XMLSchema#integer",
          "type": "literal",
          "value": "2"
        },
        "reviewDate": {
          "datatype": "http://www.w3.org/2001/XMLSchema#dateTime",
          "type": "literal",
          "value": "2007-12-25T00:00:00"
        },
        "reviewer": {
          "type": "uri",
          "value": "http://www4.wiwiss.fu-berlin.de/bizer/bsbm/v01/instances/dataFromRatingSite1/Reviewer475"
        },
        "reviewerName": {
          "type": "literal",
          "value": "Joerg-Niklaus"
        },
        "text": {
          "type": "literal",
          "value": "demobilize ethenes yahweh shiftable purslanes bolded restyles backhanded obligable overemphasize bursae fining teeming underhanded asserter aardwolf processors vacationer denounces pendently forefront unblinking jiffs airedales ammine cases pigsticked snots ormolus expiations metatarsus misdeals bribes ionizes epaxial laminator aquavit recd dildos dustless indicating anthropologies titillative jeopardied tenderer medicined curetted substituted yessed exordia pickles mfd fowled feeler calculableness republished appellors oppressing lamas falsifiability unseated tilling picots pedros rousts imperilments smokers surfers alefs traffickers desilvered spinally hierarchies actinism henceforward trimmer obtruding smogless sinistrally baedeker revivified grubstaking korsakow takers overexplicit simoleon grouted relishes nonchalantly pean adjuratory coronels mannerisms blitzkrieging intertangles designers portable elegists overrules systematizes bastardizing remet sticker skis estrogen aphrodisiacs imperfectly stereoscopically int kithara normality enfoldings hairlike drilled terminated larceners alnico presbyters flacks exclave monickers agendas preachment sacredly suckered understudies apprises inelasticity hookeys bluebooks favor chlorites catheterized denunciatory vaulted reaping loverly garde desand declarers darkeys loafers quintiles demagnetized infirmly reconstituted hullo eves univocal wedgies heeltaps reliquidated humoral cinques wallowed looks shearing textually customize basically somersaults bluebills wriggliest statures flanger emirates hominid housesitting settling unsuccessfully camporee wared clumps stimulating illuminators perilously huarache hymnaries objurgation weighed",
          "xml:lang": "en"
        },
        "title": {
          "type": "literal",
          "value": "daylong hypertrophic mixers dipterous uptilts hyperacidity gushy exhilarating hoorays"
        }
      },
      {
        "rating2": {
          "datatype": "http://www.w3.org/2001/XMLSchema#integer",
          "type": "literal",
          "value": "4"
        },
        "rating3": {
          "datatype": "http://www.w3.org/2001/XMLSchema#integer",
          "type": "literal",
          "value": "8"
        },
        "reviewDate": {
          "datatype": "http://www.w3.org/2001/XMLSchema#dateTime",
          "type": "literal",
          "value": "2007-11-19T00:00:00"
        },
        "reviewer": {
          "type": "uri",
          "value": "http://www4.wiwiss.fu-berlin.de/bizer/bsbm/v01/instances/dataFromRatingSite1/Reviewer469"
        },
        "reviewerName": {
          "type": "literal",
          "value": "Nanie-Vitalis"
        },
        "text": {
          "type": "literal",
          "value": "ribs agedly tsardoms expressionism repaid heeled commutatively rekeying disacknowledgements etoiles millers beats mellowest infighters plaints enhaloing flippers prevarications evens resonation adversity statement lyrist humphed gambian apperceptive slipt teazelling presbyopic scooted integration underclothing workrooms skivvy vedanta clearable unfitted slaphappy minutes unknotted retracted woodmen jinxing gunslinging cricks oblation hemorrhages innominate vittles landlords livelily boules recharts magnific hispanics reenacting paraded lecithins nulliparous cultures jackknives demographers invigorations unrelenting campier grading imperials squeakers inflamers inducements bemire skitter pows crossing nears misterm roundish tweeters dekares metazoan giveaways prophetesses chuffs humidor smothering bisector landmasses cardigans trusteeship explosiveness florescence transverses mungoose mesozoan premolar symmetrically airports flashlights snubs uncondensed casualties lifer incorrectness renovator graded cranched determinists noneducable isomorphism heartless reglazed sounds thumbtacked gazebos westmost mealtimes stockbroking criterions noncommunicative chirpily heartened fordless lookups toggler looniest twilling bossies hollands leavened stators execrations restorals nabobism breaching beanballs floozy hockshops weatherglasses headachy gallstones",
          "xml:lang": "en"
        },
        "title": {
          "type": "literal",
          "value": "cheers overstretches coppices plumbing maters demineralizing meteoroids cemented reallocated kiddy forwardest oversimplified citified enameled"
        }
      },
      {
        "rating2": {
          "datatype": "http://www.w3.org/2001/XMLSchema#integer",
          "type": "literal",
          "value": "8"
        },
        "rating3": {
          "datatype": "http://www.w3.org/2001/XMLSchema#integer",
          "type": "literal",
          "value": "8"
        },
        "reviewDate": {
          "datatype": "http://www.w3.org/2001/XMLSchema#dateTime",
          "type": "literal",
          "value": "2007-09-19T00:00:00"
        },
        "reviewer": {
          "type": "uri",
          "value": "http://www4.wiwiss.fu-berlin.de/bizer/bsbm/v01/instances/dataFromRatingSite1/Reviewer149"
        },
        "reviewerName": {
          "type": "literal",
          "value": "Moesen-AbdusSamad"
        },
        "text": {
          "type": "literal",
          "value": "solidness tuberous tutti revarnished epergnes outwaits filterable slandering sturdier compts codger architraves conserved linable selecting azote transfixt dystopias multimillionaire stinkbug illiterately preappoints foozle casher assyrians wisecracked vignettists holily geographically bloating sneakiness rides nonaffiliated levelheadedness conductivities diverging enmeshed reviver pinsetters haycocks weregilds orangish offloading insularity verged sledging slurrying remarque gauges poppied unalphabetized cusped amebic lowerclassman density forevermore soggiest preblessing tenderable commiserative severation dustup disjuncts expensed hareems sneaker nonexisting doffing fumet farmed reconsecrated episcopacies europeans contingently infiltrators initiators truanted deprival sinuously fileted academias offerings henhouse wages arrestors certifiers italics asphalted wordage totemists soother posturers primed reaccepted dissimilarity hoggs deathlike latently exordiums elatives nonrecoverable titians biblically overcompensates bioengineering raspberries zonated scrutinise anatomizes detailing diffraction bloats chiles dependance incoherences covetously lunies enlivens estranging nucleonic foretop philtre vulgarity melodeons capitalism chandleries homeworker maimedness engirds delicacies ribboning shouter hurdles dewatering garrote gleamed metalworking yarer nonaffilliated loiters woodruffs chiccory premeds savagisms recasts accelerations scups misgovern yellowy reverer bankside fighters seining filtrating subsiding eschalot misspelling mono particularity ventures incorporators prioress appetency extrapolation dentins bargaining",
          "xml:lang": "en"
        },
        "title": {
          "type": "literal",
          "value": "levelness nonradical instructorships ochreous"
        }
      },
      {
        "rating1": {
          "datatype": "http://www.w3.org/2001/XMLSchema#integer",
          "type": "literal",
          "value": "5"
        },
        "rating2": {
          "datatype": "http://www.w3.org/2001/XMLSchema#integer",
          "type": "literal",
          "value": "6"
        },
        "rating3": {
          "datatype": "http://www.w3.org/2001/XMLSchema#integer",
          "type": "literal",
          "value": "9"
        },
        "rating4": {
          "datatype": "http://www.w3.org/2001/XMLSchema#integer",
          "type": "literal",
          "value": "6"
        },
        "reviewDate": {
          "datatype": "http://www.w3.org/2001/XMLSchema#dateTime",
          "type": "literal",
          "value": "2007-06-29T00:00:00"
        },
        "reviewer": {
          "type": "uri",
          "value": "http://www4.wiwiss.fu-berlin.de/bizer/bsbm/v01/instances/dataFromRatingSite1/Reviewer455"
        },
        "reviewerName": {
          "type": "literal",
          "value": "Deejay"
        },
        "text": {
          "type": "literal",
          "value": "sheered preadjusted sylvius bowery dows overdramatizes revue evangelistic majorette nontraditionally feuds placing feeds playgirl oceanaut sailing adopting olympiads sickening premeditating dissoluteness battered speedier evidently thewy kalifate deveined profs cinnamons pushup guidons mudguards fetcher leasers tangling musicians junket dithery betted outwit gulled laureated colonelship thicker sovereignties arsenides whiskies dustiness smoulders dialyzes stubbled recolonize minyan autosuggestion orderliness pendular unhook tamboura",
          "xml:lang": "en"
        },
        "title": {
          "type": "literal",
          "value": "outboasting fustic spondaics scags leucoma upholder pollens lanker gumtree philandering antivivisectionists pleadings supernal rated littering"
        }
      }
    ]
  }
}
