---
source: bench/tests/plans/wind_farm.rs
expression: "&string"
---
ProjectionExec: expr=[ENC_PT(site_label@0) as site_label, ENC_PT(wtur_label@1) as wtur_label, year@2 as year, month@3 as month, day@4 as day, hour@5 as hour, minute_10@6 as minute_10, ENC_PT(<uuid>@7) as avg_val]
  AggregateExec: mode=Single, gby=[site_label@1 as site_label, wtur_label@3 as wtur_label, ENC_PT(year@17) as year, ENC_PT(month@16) as month, ENC_PT(day@15) as day, ENC_PT(hour@14) as hour, ENC_PT(minute_10@13) as minute_10], aggr=[<uuid>]
    CoalesceBatchesExec: target_batch_size=8192
      FilterExec: EBV(BOOLEAN_AS_TERM(EBV(BOOLEAN_AS_TERM(EBV(BOOLEAN_AS_TERM(EBV(EQ(ENC_TV(site_label@1), ENC_TV({term_type:2,value:Wind Mountain,data_type:http://www.w3.org/2001/XMLSchema#string,language_tag:}))) AND EBV(BOOLEAN_AS_TERM(EBV(EQ(ENC_TV(wtur_label@3), ENC_TV({term_type:2,value:A1,data_type:http://www.w3.org/2001/XMLSchema#string,language_tag:}))) OR EBV(EQ(ENC_TV(wtur_label@3), ENC_TV({term_type:2,value:A2,data_type:http://www.w3.org/2001/XMLSchema#string,language_tag:}))) OR EBV(EQ(ENC_TV(wtur_label@3), ENC_TV({term_type:2,value:A3,data_type:http://www.w3.org/2001/XMLSchema#string,language_tag:}))) OR EBV(EQ(ENC_TV(wtur_label@3), ENC_TV({term_type:2,value:A4,data_type:http://www.w3.org/2001/XMLSchema#string,language_tag:}))) OR EBV(EQ(ENC_TV(wtur_label@3), ENC_TV({term_type:2,value:A5,data_type:http://www.w3.org/2001/XMLSchema#string,language_tag:}))) OR EBV(EQ(ENC_TV(wtur_label@3), ENC_TV({term_type:2,value:A6,data_type:http://www.w3.org/2001/XMLSchema#string,language_tag:}))) OR EBV(EQ(ENC_TV(wtur_label@3), ENC_TV({term_type:2,value:A7,data_type:http://www.w3.org/2001/XMLSchema#string,language_tag:}))) OR EBV(EQ(ENC_TV(wtur_label@3), ENC_TV({term_type:2,value:A8,data_type:http://www.w3.org/2001/XMLSchema#string,language_tag:}))) OR EBV(EQ(ENC_TV(wtur_label@3), ENC_TV({term_type:2,value:A9,data_type:http://www.w3.org/2001/XMLSchema#string,language_tag:}))) OR EBV(EQ(ENC_TV(wtur_label@3), ENC_TV({term_type:2,value:A10,data_type:http://www.w3.org/2001/XMLSchema#string,language_tag:}))))))) AND EBV(GEQ(ENC_TV(t@12), ENC_TV({term_type:2,value:2022-08-30T08:46:53,data_type:http://www.w3.org/2001/XMLSchema#dateTime,language_tag:}))))) AND EBV(LEQ(ENC_TV(t@12), ENC_TV({term_type:2,value:2022-08-30T21:46:53,data_type:http://www.w3.org/2001/XMLSchema#dateTime,language_tag:})))))
        ProjectionExec: expr=[site@0 as site, site_label@1 as site_label, wtur_asp@2 as wtur_asp, wtur_label@3 as wtur_label, wtur@4 as wtur, gensys_asp@5 as gensys_asp, gensys@6 as gensys, generator_asp@7 as generator_asp, generator@8 as generator, ts@9 as ts, dp@10 as dp, val@11 as val, t@12 as t, MUL(ENC_TV({term_type:2,value:10,data_type:http://www.w3.org/2001/XMLSchema#integer,language_tag:}), FLOOR(DIV(MINUTES(ENC_TV(t@12)), ENC_TV({term_type:2,value:10.0,data_type:http://www.w3.org/2001/XMLSchema#decimal,language_tag:})))) as minute_10, HOURS(ENC_TV(t@12)) as hour, DAY(ENC_TV(t@12)) as day, MONTH(ENC_TV(t@12)) as month, YEAR(ENC_TV(t@12)) as year]
          CoalesceBatchesExec: target_batch_size=8192
            HashJoinExec: mode=CollectLeft, join_type=Inner, on=[(dp@10, dp@0)], projection=[site@0, site_label@1, wtur_asp@2, wtur_label@3, wtur@4, gensys_asp@5, gensys@6, generator_asp@7, generator@8, ts@9, dp@10, val@11, t@13]
              CoalesceBatchesExec: target_batch_size=8192
                HashJoinExec: mode=CollectLeft, join_type=Inner, on=[(dp@10, dp@0)], projection=[site@0, site_label@1, wtur_asp@2, wtur_label@3, wtur@4, gensys_asp@5, gensys@6, generator_asp@7, generator@8, ts@9, dp@10, val@12]
                  CoalesceBatchesExec: target_batch_size=8192
                    HashJoinExec: mode=CollectLeft, join_type=Inner, on=[(ts@9, ts@0)], projection=[site@0, site_label@1, wtur_asp@2, wtur_label@3, wtur@4, gensys_asp@5, gensys@6, generator_asp@7, generator@8, ts@9, dp@11]
                      CoalesceBatchesExec: target_batch_size=8192
                        HashJoinExec: mode=CollectLeft, join_type=Inner, on=[(ts@9, ts@0)], projection=[site@0, site_label@1, wtur_asp@2, wtur_label@3, wtur@4, gensys_asp@5, gensys@6, generator_asp@7, generator@8, ts@9]
                          CoalesceBatchesExec: target_batch_size=8192
                            HashJoinExec: mode=CollectLeft, join_type=Inner, on=[(generator@8, generator@0)], projection=[site@0, site_label@1, wtur_asp@2, wtur_label@3, wtur@4, gensys_asp@5, gensys@6, generator_asp@7, generator@8, ts@10]
                              CoalesceBatchesExec: target_batch_size=8192
                                HashJoinExec: mode=CollectLeft, join_type=Inner, on=[(generator@8, generator@0)], projection=[site@0, site_label@1, wtur_asp@2, wtur_label@3, wtur@4, gensys_asp@5, gensys@6, generator_asp@7, generator@8]
                                  CoalesceBatchesExec: target_batch_size=8192
                                    HashJoinExec: mode=CollectLeft, join_type=Inner, on=[(generator_asp@7, generator_asp@1)], projection=[site@0, site_label@1, wtur_asp@2, wtur_label@3, wtur@4, gensys_asp@5, gensys@6, generator_asp@7, generator@8]
                                      CoalesceBatchesExec: target_batch_size=8192
                                        HashJoinExec: mode=CollectLeft, join_type=Inner, on=[(gensys@6, gensys@0)], projection=[site@0, site_label@1, wtur_asp@2, wtur_label@3, wtur@4, gensys_asp@5, gensys@6, generator_asp@8]
                                          CoalesceBatchesExec: target_batch_size=8192
                                            HashJoinExec: mode=CollectLeft, join_type=Inner, on=[(gensys@6, gensys@0)], projection=[site@0, site_label@1, wtur_asp@2, wtur_label@3, wtur@4, gensys_asp@5, gensys@6]
                                              CoalesceBatchesExec: target_batch_size=8192
                                                HashJoinExec: mode=CollectLeft, join_type=Inner, on=[(gensys_asp@5, gensys_asp@1)], projection=[site@0, site_label@1, wtur_asp@2, wtur_label@3, wtur@4, gensys_asp@5, gensys@6]
                                                  CoalesceBatchesExec: target_batch_size=8192
                                                    HashJoinExec: mode=CollectLeft, join_type=Inner, on=[(wtur@4, wtur@0)], projection=[site@0, site_label@1, wtur_asp@2, wtur_label@3, wtur@4, gensys_asp@5]
                                                      CoalesceBatchesExec: target_batch_size=8192
                                                        HashJoinExec: mode=CollectLeft, join_type=Inner, on=[(wtur@4, wtur@0)], projection=[site@0, site_label@1, wtur_asp@2, wtur_label@3, wtur@4, gensys_asp@6]
                                                          CoalesceBatchesExec: target_batch_size=8192
                                                            HashJoinExec: mode=CollectLeft, join_type=Inner, on=[(wtur_asp@2, wtur_asp@1)], projection=[site@0, site_label@1, wtur_asp@2, wtur_label@3, wtur@4]
                                                              CoalesceBatchesExec: target_batch_size=8192
                                                                HashJoinExec: mode=CollectLeft, join_type=Inner, on=[(wtur_asp@2, wtur_asp@0)], projection=[site@0, site_label@1, wtur_asp@2, wtur_label@4]
                                                                  CoalesceBatchesExec: target_batch_size=8192
                                                                    HashJoinExec: mode=CollectLeft, join_type=Inner, on=[(site@0, site@0)], projection=[site@0, site_label@1, wtur_asp@3]
                                                                      CoalesceBatchesExec: target_batch_size=8192
                                                                        HashJoinExec: mode=CollectLeft, join_type=Inner, on=[(site@0, site@0)], projection=[site@0, site_label@2]
                                                                          DataSourceExec: [GPOS] subject=?site, predicate=<http://www.w3.org/1999/02/22-rdf-syntax-ns#type>, object=<https://github.com/magbak/chrontext/rds_power#Site>
                                                                          DataSourceExec: [GPOS] subject=?site, predicate=<http://www.w3.org/2000/01/rdf-schema#label>, object=?site_label, additional_filters=[DynamicFilterPhysicalExpr [ true ]]
                                                                      DataSourceExec: [GPOS] subject=?site, predicate=<https://github.com/magbak/chrontext/rds_power#hasFunctionalAspect>, object=?wtur_asp, additional_filters=[DynamicFilterPhysicalExpr [ true ]]
                                                                  DataSourceExec: [GPOS] subject=?wtur_asp, predicate=<http://www.w3.org/2000/01/rdf-schema#label>, object=?wtur_label, additional_filters=[DynamicFilterPhysicalExpr [ true ]]
                                                              DataSourceExec: [GPOS] subject=?wtur, predicate=<https://github.com/magbak/chrontext/rds_power#hasFunctionalAspectNode>, object=?wtur_asp, additional_filters=[DynamicFilterPhysicalExpr [ true ]]
                                                          DataSourceExec: [GPOS] subject=?wtur, predicate=<https://github.com/magbak/chrontext/rds_power#hasFunctionalAspect>, object=?gensys_asp, additional_filters=[DynamicFilterPhysicalExpr [ true ]]
                                                      DataSourceExec: [GPOS] subject=?wtur, predicate=<http://www.w3.org/1999/02/22-rdf-syntax-ns#type>, object=<https://github.com/magbak/chrontext/rds_power#A>, additional_filters=[DynamicFilterPhysicalExpr [ true ]]
                                                  DataSourceExec: [GPOS] subject=?gensys, predicate=<https://github.com/magbak/chrontext/rds_power#hasFunctionalAspectNode>, object=?gensys_asp, additional_filters=[DynamicFilterPhysicalExpr [ true ]]
                                              DataSourceExec: [GPOS] subject=?gensys, predicate=<http://www.w3.org/1999/02/22-rdf-syntax-ns#type>, object=<https://github.com/magbak/chrontext/rds_power#RA>, additional_filters=[DynamicFilterPhysicalExpr [ true ]]
                                          DataSourceExec: [GPOS] subject=?gensys, predicate=<https://github.com/magbak/chrontext/rds_power#hasFunctionalAspect>, object=?generator_asp, additional_filters=[DynamicFilterPhysicalExpr [ true ]]
                                      DataSourceExec: [GPOS] subject=?generator, predicate=<https://github.com/magbak/chrontext/rds_power#hasFunctionalAspectNode>, object=?generator_asp, additional_filters=[DynamicFilterPhysicalExpr [ true ]]
                                  DataSourceExec: [GPOS] subject=?generator, predicate=<http://www.w3.org/1999/02/22-rdf-syntax-ns#type>, object=<https://github.com/magbak/chrontext/rds_power#GAA>, additional_filters=[DynamicFilterPhysicalExpr [ true ]]
                              DataSourceExec: [GPOS] subject=?generator, predicate=<https://github.com/magbak/chrontext#hasTimeseries>, object=?ts, additional_filters=[DynamicFilterPhysicalExpr [ true ]]
                          DataSourceExec: [GPOS] subject=?ts, predicate=<http://www.w3.org/2000/01/rdf-schema#label>, object="Production", additional_filters=[DynamicFilterPhysicalExpr [ true ]]
                      DataSourceExec: [GPOS] subject=?ts, predicate=<https://github.com/magbak/chrontext#hasDataPoint>, object=?dp, additional_filters=[DynamicFilterPhysicalExpr [ true ]]
                  DataSourceExec: [GPOS] subject=?dp, predicate=<https://github.com/magbak/chrontext#hasValue>, object=?val, additional_filters=[DynamicFilterPhysicalExpr [ true ]]
              DataSourceExec: [GPOS] subject=?dp, predicate=<https://github.com/magbak/chrontext#hasTimestamp>, object=?t, additional_filters=[DynamicFilterPhysicalExpr [ true ]]
