---
source: bench/tests/plans/bsbm_explore.rs
expression: "&string"
---
ProjectionExec: expr=[ENC_PT(property@0) as property, ENC_PT(hasValue@1) as hasValue, ENC_PT(isValueOf@2) as isValueOf]
  UnionExec
    ProjectionExec: expr=[property@0 as property, hasValue@1 as hasValue, CAST(NULL AS UInt32) as isValueOf]
      DataSourceExec: [GSPO] subject=<http://www4.wiwiss.fu-berlin.de/bizer/bsbm/v01/instances/dataFromVendor1/Offer1250>, predicate=?property, object=?hasValue
    ProjectionExec: expr=[property@1 as property, CAST(NULL AS UInt32) as hasValue, isValueOf@0 as isValueOf]
      DataSourceExec: [GOSP] subject=?isValueOf, predicate=?property, object=<http://www4.wiwiss.fu-berlin.de/bizer/bsbm/v01/instances/dataFromVendor1/Offer1250>
