---
source: bench/tests/plans/bsbm_explore.rs
expression: canonicalize_uuids(&string)
---
ProjectionExec: expr=[ENC_PT(productURI@0) as productURI, ENC_PT(productlabel@1) as productlabel, ENC_PT(vendorURI@2) as vendorURI, ENC_PT(vendorname@3) as vendorname, ENC_PT(vendorhomepage@4) as vendorhomepage, ENC_PT(offerURL@5) as offerURL, ENC_PT(price@6) as price, ENC_PT(deliveryDays@7) as deliveryDays, ENC_PT(validTo@8) as validTo]
  CrossJoinExec
    CrossJoinExec
      CrossJoinExec
        CrossJoinExec
          CrossJoinExec
            CoalesceBatchesExec: target_batch_size=8192
              HashJoinExec: mode=CollectLeft, join_type=Inner, on=[(productURI@0, productURI@0)], projection=[productURI@0, productlabel@2]
                MemQuadPatternExec: , active_graph=Union of [DefaultGraph], subject=<http://www4.wiwiss.fu-berlin.de/bizer/bsbm/v01/instances/dataFromVendor5/Offer9035>, predicate=<http://www4.wiwiss.fu-berlin.de/bizer/bsbm/v01/vocabulary/product>, object=?productURI
                MemQuadPatternExec: , active_graph=Union of [DefaultGraph], subject=?productURI, predicate=<http://www.w3.org/2000/01/rdf-schema#label>, object=?productlabel
            CoalesceBatchesExec: target_batch_size=8192
              HashJoinExec: mode=CollectLeft, join_type=Inner, on=[(vendorURI@0, vendorURI@0)], projection=[vendorURI@0, vendorname@1, vendorhomepage@3]
                CoalesceBatchesExec: target_batch_size=8192
                  HashJoinExec: mode=CollectLeft, join_type=Inner, on=[(vendorURI@0, vendorURI@0)], projection=[vendorURI@0, vendorname@2]
                    MemQuadPatternExec: , active_graph=Union of [DefaultGraph], subject=<http://www4.wiwiss.fu-berlin.de/bizer/bsbm/v01/instances/dataFromVendor5/Offer9035>, predicate=<http://www4.wiwiss.fu-berlin.de/bizer/bsbm/v01/vocabulary/vendor>, object=?vendorURI
                    MemQuadPatternExec: , active_graph=Union of [DefaultGraph], subject=?vendorURI, predicate=<http://www.w3.org/2000/01/rdf-schema#label>, object=?vendorname
                MemQuadPatternExec: , active_graph=Union of [DefaultGraph], subject=?vendorURI, predicate=<http://xmlns.com/foaf/0.1/homepage>, object=?vendorhomepage
          MemQuadPatternExec: , active_graph=Union of [DefaultGraph], subject=<http://www4.wiwiss.fu-berlin.de/bizer/bsbm/v01/instances/dataFromVendor5/Offer9035>, predicate=<http://www4.wiwiss.fu-berlin.de/bizer/bsbm/v01/vocabulary/offerWebpage>, object=?offerURL
        MemQuadPatternExec: , active_graph=Union of [DefaultGraph], subject=<http://www4.wiwiss.fu-berlin.de/bizer/bsbm/v01/instances/dataFromVendor5/Offer9035>, predicate=<http://www4.wiwiss.fu-berlin.de/bizer/bsbm/v01/vocabulary/price>, object=?price
      MemQuadPatternExec: , active_graph=Union of [DefaultGraph], subject=<http://www4.wiwiss.fu-berlin.de/bizer/bsbm/v01/instances/dataFromVendor5/Offer9035>, predicate=<http://www4.wiwiss.fu-berlin.de/bizer/bsbm/v01/vocabulary/deliveryDays>, object=?deliveryDays
    MemQuadPatternExec: , active_graph=Union of [DefaultGraph], subject=<http://www4.wiwiss.fu-berlin.de/bizer/bsbm/v01/instances/dataFromVendor5/Offer9035>, predicate=<http://www4.wiwiss.fu-berlin.de/bizer/bsbm/v01/vocabulary/validTo>, object=?validTo
