---
source: bench/tests/plans/wind_farm.rs
expression: "&explanation.optimized_logical_plan.to_string()"
---
Projection: ENC_PT(site_label) AS site_label, ENC_PT(wtur_label) AS wtur_label, year AS year, month AS month, day AS day, hour AS hour, minute_10 AS minute_10, ENC_PT(val_prod_avg) AS val_prod_avg, ENC_PT(val_dir_avg) AS val_dir_avg, ENC_PT(val_speed_avg) AS val_speed_avg
  Projection: site_label, wtur_label, year, month, day, hour, minute_10, val_prod_avg, val_dir_avg, val_speed_avg
    Projection: site_label, wtur_label, year, month, day, hour, minute_10, <uuid>, <uuid>, <uuid>, val_prod_avg, val_dir_avg, <uuid> AS val_speed_avg
      Projection: site_label, wtur_label, year, month, day, hour, minute_10, <uuid>, <uuid>, <uuid>, val_prod_avg, <uuid> AS val_dir_avg
        Projection: site_label, wtur_label, year, month, day, hour, minute_10, <uuid>, <uuid>, <uuid>, <uuid> AS val_prod_avg
          Projection: site_label, wtur_label, year, month, day, hour, minute_10, <uuid>, <uuid>, <uuid>
            Aggregate: groupBy=[[site_label AS site_label, wtur_label AS wtur_label, ENC_PT(year) AS year, ENC_PT(month) AS month, ENC_PT(day) AS day, ENC_PT(hour) AS hour, ENC_PT(minute_10) AS minute_10]], aggr=[[AVG(ENC_TV(val_prod)) AS <uuid>, AVG(ENC_TV(val_dir)) AS <uuid>, AVG(ENC_TV(val_speed)) AS <uuid>]]
              Filter: EBV(BOOLEAN_AS_TERM(EBV(GEQ(ENC_TV(t), ENC_TV(Struct({term_type:2,value:2022-08-30T08:46:53,data_type:http://www.w3.org/2001/XMLSchema#dateTime,language_tag:})))) AND EBV(LEQ(ENC_TV(t), ENC_TV(Struct({term_type:2,value:2022-08-30T21:46:53,data_type:http://www.w3.org/2001/XMLSchema#dateTime,language_tag:}))))))
                Projection: site, site_label, wtur_asp, wtur_label, wtur, gensys_asp, gensys, generator_asp, generator, weather_asp, weather, ts_speed, dp_speed, val_speed, t, ts_dir, dp_dir, val_dir, ts_prod, dp_prod, val_prod, minute_10, hour, day, month, YEAR(ENC_TV(t)) AS year
                  Projection: site, site_label, wtur_asp, wtur_label, wtur, gensys_asp, gensys, generator_asp, generator, weather_asp, weather, ts_speed, dp_speed, val_speed, t, ts_dir, dp_dir, val_dir, ts_prod, dp_prod, val_prod, minute_10, hour, day, MONTH(ENC_TV(t)) AS month
                    Projection: site, site_label, wtur_asp, wtur_label, wtur, gensys_asp, gensys, generator_asp, generator, weather_asp, weather, ts_speed, dp_speed, val_speed, t, ts_dir, dp_dir, val_dir, ts_prod, dp_prod, val_prod, minute_10, hour, DAY(ENC_TV(t)) AS day
                      Projection: site, site_label, wtur_asp, wtur_label, wtur, gensys_asp, gensys, generator_asp, generator, weather_asp, weather, ts_speed, dp_speed, val_speed, t, ts_dir, dp_dir, val_dir, ts_prod, dp_prod, val_prod, minute_10, HOURS(ENC_TV(t)) AS hour
                        Projection: site, site_label, wtur_asp, wtur_label, wtur, gensys_asp, gensys, generator_asp, generator, weather_asp, weather, ts_speed, dp_speed, val_speed, t, ts_dir, dp_dir, val_dir, ts_prod, dp_prod, val_prod, MUL(ENC_TV(Struct({term_type:2,value:10,data_type:http://www.w3.org/2001/XMLSchema#integer,language_tag:})), FLOOR(DIV(MINUTES(ENC_TV(t)), ENC_TV(Struct({term_type:2,value:10.0,data_type:http://www.w3.org/2001/XMLSchema#decimal,language_tag:}))))) AS minute_10
                          Projection: lhs.site AS site, lhs.site_label AS site_label, lhs.wtur_asp AS wtur_asp, lhs.wtur_label AS wtur_label, lhs.wtur AS wtur, lhs.gensys_asp AS gensys_asp, lhs.gensys AS gensys, lhs.generator_asp AS generator_asp, lhs.generator AS generator, lhs.weather_asp AS weather_asp, lhs.weather AS weather, lhs.ts_speed AS ts_speed, lhs.dp_speed AS dp_speed, lhs.val_speed AS val_speed, lhs.t AS t, lhs.ts_dir AS ts_dir, lhs.dp_dir AS dp_dir, lhs.val_dir AS val_dir, lhs.ts_prod AS ts_prod, lhs.dp_prod AS dp_prod, lhs.val_prod AS val_prod
                            Inner Join: lhs.dp_prod = rhs.dp_prod, lhs.t = rhs.t
                              SubqueryAlias: lhs
                                Projection: lhs.site AS site, lhs.site_label AS site_label, lhs.wtur_asp AS wtur_asp, lhs.wtur_label AS wtur_label, lhs.wtur AS wtur, lhs.gensys_asp AS gensys_asp, lhs.gensys AS gensys, lhs.generator_asp AS generator_asp, lhs.generator AS generator, lhs.weather_asp AS weather_asp, lhs.weather AS weather, lhs.ts_speed AS ts_speed, lhs.dp_speed AS dp_speed, lhs.val_speed AS val_speed, lhs.t AS t, lhs.ts_dir AS ts_dir, lhs.dp_dir AS dp_dir, lhs.val_dir AS val_dir, lhs.ts_prod AS ts_prod, lhs.dp_prod AS dp_prod, rhs.val_prod AS val_prod
                                  Inner Join: lhs.dp_prod = rhs.dp_prod
                                    SubqueryAlias: lhs
                                      Projection: lhs.site AS site, lhs.site_label AS site_label, lhs.wtur_asp AS wtur_asp, lhs.wtur_label AS wtur_label, lhs.wtur AS wtur, lhs.gensys_asp AS gensys_asp, lhs.gensys AS gensys, lhs.generator_asp AS generator_asp, lhs.generator AS generator, lhs.weather_asp AS weather_asp, lhs.weather AS weather, lhs.ts_speed AS ts_speed, lhs.dp_speed AS dp_speed, lhs.val_speed AS val_speed, lhs.t AS t, lhs.ts_dir AS ts_dir, lhs.dp_dir AS dp_dir, lhs.val_dir AS val_dir, lhs.ts_prod AS ts_prod, rhs.dp_prod AS dp_prod
                                        Inner Join: lhs.ts_prod = rhs.ts_prod
                                          SubqueryAlias: lhs
                                            Projection: lhs.site AS site, lhs.site_label AS site_label, lhs.wtur_asp AS wtur_asp, lhs.wtur_label AS wtur_label, lhs.wtur AS wtur, lhs.gensys_asp AS gensys_asp, lhs.gensys AS gensys, lhs.generator_asp AS generator_asp, lhs.generator AS generator, lhs.weather_asp AS weather_asp, lhs.weather AS weather, lhs.ts_speed AS ts_speed, lhs.dp_speed AS dp_speed, lhs.val_speed AS val_speed, lhs.t AS t, lhs.ts_dir AS ts_dir, lhs.dp_dir AS dp_dir, lhs.val_dir AS val_dir, lhs.ts_prod AS ts_prod
                                              Inner Join: lhs.ts_prod = rhs.ts_prod
                                                SubqueryAlias: lhs
                                                  Projection: lhs.site AS site, lhs.site_label AS site_label, lhs.wtur_asp AS wtur_asp, lhs.wtur_label AS wtur_label, lhs.wtur AS wtur, lhs.gensys_asp AS gensys_asp, lhs.gensys AS gensys, lhs.generator_asp AS generator_asp, lhs.generator AS generator, lhs.weather_asp AS weather_asp, lhs.weather AS weather, lhs.ts_speed AS ts_speed, lhs.dp_speed AS dp_speed, lhs.val_speed AS val_speed, lhs.t AS t, lhs.ts_dir AS ts_dir, lhs.dp_dir AS dp_dir, lhs.val_dir AS val_dir, rhs.ts_prod AS ts_prod
                                                    Inner Join: lhs.generator = rhs.generator
                                                      SubqueryAlias: lhs
                                                        Projection: lhs.site AS site, lhs.site_label AS site_label, lhs.wtur_asp AS wtur_asp, lhs.wtur_label AS wtur_label, lhs.wtur AS wtur, lhs.gensys_asp AS gensys_asp, lhs.gensys AS gensys, lhs.generator_asp AS generator_asp, lhs.generator AS generator, lhs.weather_asp AS weather_asp, lhs.weather AS weather, lhs.ts_speed AS ts_speed, lhs.dp_speed AS dp_speed, lhs.val_speed AS val_speed, lhs.t AS t, lhs.ts_dir AS ts_dir, lhs.dp_dir AS dp_dir, lhs.val_dir AS val_dir
                                                          Inner Join: lhs.ts_dir = rhs.ts_dir
                                                            SubqueryAlias: lhs
                                                              Projection: lhs.site AS site, lhs.site_label AS site_label, lhs.wtur_asp AS wtur_asp, lhs.wtur_label AS wtur_label, lhs.wtur AS wtur, lhs.gensys_asp AS gensys_asp, lhs.gensys AS gensys, lhs.generator_asp AS generator_asp, lhs.generator AS generator, lhs.weather_asp AS weather_asp, lhs.weather AS weather, lhs.ts_speed AS ts_speed, lhs.dp_speed AS dp_speed, lhs.val_speed AS val_speed, lhs.t AS t, lhs.ts_dir AS ts_dir, lhs.dp_dir AS dp_dir, lhs.val_dir AS val_dir
                                                                Inner Join: lhs.dp_dir = rhs.dp_dir, lhs.t = rhs.t
                                                                  SubqueryAlias: lhs
                                                                    Projection: lhs.site AS site, lhs.site_label AS site_label, lhs.wtur_asp AS wtur_asp, lhs.wtur_label AS wtur_label, lhs.wtur AS wtur, lhs.gensys_asp AS gensys_asp, lhs.gensys AS gensys, lhs.generator_asp AS generator_asp, lhs.generator AS generator, lhs.weather_asp AS weather_asp, lhs.weather AS weather, lhs.ts_speed AS ts_speed, lhs.dp_speed AS dp_speed, lhs.val_speed AS val_speed, lhs.t AS t, lhs.ts_dir AS ts_dir, lhs.dp_dir AS dp_dir, rhs.val_dir AS val_dir
                                                                      Inner Join: lhs.dp_dir = rhs.dp_dir
                                                                        SubqueryAlias: lhs
                                                                          Projection: lhs.site AS site, lhs.site_label AS site_label, lhs.wtur_asp AS wtur_asp, lhs.wtur_label AS wtur_label, lhs.wtur AS wtur, lhs.gensys_asp AS gensys_asp, lhs.gensys AS gensys, lhs.generator_asp AS generator_asp, lhs.generator AS generator, lhs.weather_asp AS weather_asp, lhs.weather AS weather, lhs.ts_speed AS ts_speed, lhs.dp_speed AS dp_speed, lhs.val_speed AS val_speed, lhs.t AS t, lhs.ts_dir AS ts_dir, rhs.dp_dir AS dp_dir
                                                                            Inner Join: lhs.ts_dir = rhs.ts_dir
                                                                              SubqueryAlias: lhs
                                                                                Projection: lhs.site AS site, lhs.site_label AS site_label, lhs.wtur_asp AS wtur_asp, lhs.wtur_label AS wtur_label, lhs.wtur AS wtur, lhs.gensys_asp AS gensys_asp, lhs.gensys AS gensys, lhs.generator_asp AS generator_asp, lhs.generator AS generator, lhs.weather_asp AS weather_asp, lhs.weather AS weather, lhs.ts_speed AS ts_speed, lhs.dp_speed AS dp_speed, lhs.val_speed AS val_speed, lhs.t AS t, rhs.ts_dir AS ts_dir
                                                                                  Inner Join: lhs.weather = rhs.weather
                                                                                    SubqueryAlias: lhs
                                                                                      Projection: lhs.site AS site, lhs.site_label AS site_label, lhs.wtur_asp AS wtur_asp, lhs.wtur_label AS wtur_label, lhs.wtur AS wtur, lhs.gensys_asp AS gensys_asp, lhs.gensys AS gensys, lhs.generator_asp AS generator_asp, lhs.generator AS generator, lhs.weather_asp AS weather_asp, lhs.weather AS weather, lhs.ts_speed AS ts_speed, lhs.dp_speed AS dp_speed, lhs.val_speed AS val_speed, lhs.t AS t
                                                                                        Inner Join: lhs.ts_speed = rhs.ts_speed
                                                                                          SubqueryAlias: lhs
                                                                                            Projection: lhs.site AS site, lhs.site_label AS site_label, lhs.wtur_asp AS wtur_asp, lhs.wtur_label AS wtur_label, lhs.wtur AS wtur, lhs.gensys_asp AS gensys_asp, lhs.gensys AS gensys, lhs.generator_asp AS generator_asp, lhs.generator AS generator, lhs.weather_asp AS weather_asp, lhs.weather AS weather, lhs.ts_speed AS ts_speed, lhs.dp_speed AS dp_speed, lhs.val_speed AS val_speed, rhs.t AS t
                                                                                              Inner Join: lhs.dp_speed = rhs.dp_speed
                                                                                                SubqueryAlias: lhs
                                                                                                  Projection: lhs.site AS site, lhs.site_label AS site_label, lhs.wtur_asp AS wtur_asp, lhs.wtur_label AS wtur_label, lhs.wtur AS wtur, lhs.gensys_asp AS gensys_asp, lhs.gensys AS gensys, lhs.generator_asp AS generator_asp, lhs.generator AS generator, lhs.weather_asp AS weather_asp, lhs.weather AS weather, lhs.ts_speed AS ts_speed, lhs.dp_speed AS dp_speed, rhs.val_speed AS val_speed
                                                                                                    Inner Join: lhs.dp_speed = rhs.dp_speed
                                                                                                      SubqueryAlias: lhs
                                                                                                        Projection: lhs.site AS site, lhs.site_label AS site_label, lhs.wtur_asp AS wtur_asp, lhs.wtur_label AS wtur_label, lhs.wtur AS wtur, lhs.gensys_asp AS gensys_asp, lhs.gensys AS gensys, lhs.generator_asp AS generator_asp, lhs.generator AS generator, lhs.weather_asp AS weather_asp, lhs.weather AS weather, lhs.ts_speed AS ts_speed, rhs.dp_speed AS dp_speed
                                                                                                          Inner Join: lhs.ts_speed = rhs.ts_speed
                                                                                                            SubqueryAlias: lhs
                                                                                                              Projection: lhs.site AS site, lhs.site_label AS site_label, lhs.wtur_asp AS wtur_asp, lhs.wtur_label AS wtur_label, lhs.wtur AS wtur, lhs.gensys_asp AS gensys_asp, lhs.gensys AS gensys, lhs.generator_asp AS generator_asp, lhs.generator AS generator, lhs.weather_asp AS weather_asp, lhs.weather AS weather, rhs.ts_speed AS ts_speed
                                                                                                                Inner Join: lhs.weather = rhs.weather
                                                                                                                  SubqueryAlias: lhs
                                                                                                                    Projection: lhs.site AS site, lhs.site_label AS site_label, lhs.wtur_asp AS wtur_asp, lhs.wtur_label AS wtur_label, lhs.wtur AS wtur, lhs.gensys_asp AS gensys_asp, lhs.gensys AS gensys, lhs.generator_asp AS generator_asp, lhs.generator AS generator, lhs.weather_asp AS weather_asp, lhs.weather AS weather
                                                                                                                      Inner Join: lhs.weather = rhs.weather
                                                                                                                        SubqueryAlias: lhs
                                                                                                                          Projection: lhs.site AS site, lhs.site_label AS site_label, lhs.wtur_asp AS wtur_asp, lhs.wtur_label AS wtur_label, lhs.wtur AS wtur, lhs.gensys_asp AS gensys_asp, lhs.gensys AS gensys, lhs.generator_asp AS generator_asp, lhs.generator AS generator, lhs.weather_asp AS weather_asp, rhs.weather AS weather
                                                                                                                            Inner Join: lhs.weather_asp = rhs.weather_asp
                                                                                                                              SubqueryAlias: lhs
                                                                                                                                Projection: lhs.site AS site, lhs.site_label AS site_label, lhs.wtur_asp AS wtur_asp, lhs.wtur_label AS wtur_label, lhs.wtur AS wtur, lhs.gensys_asp AS gensys_asp, lhs.gensys AS gensys, lhs.generator_asp AS generator_asp, lhs.generator AS generator, rhs.weather_asp AS weather_asp
                                                                                                                                  Inner Join: lhs.wtur = rhs.wtur
                                                                                                                                    SubqueryAlias: lhs
                                                                                                                                      Projection: lhs.site AS site, lhs.site_label AS site_label, lhs.wtur_asp AS wtur_asp, lhs.wtur_label AS wtur_label, lhs.wtur AS wtur, lhs.gensys_asp AS gensys_asp, lhs.gensys AS gensys, lhs.generator_asp AS generator_asp, lhs.generator AS generator
                                                                                                                                        Inner Join: lhs.generator = rhs.generator
                                                                                                                                          SubqueryAlias: lhs
                                                                                                                                            Projection: lhs.site AS site, lhs.site_label AS site_label, lhs.wtur_asp AS wtur_asp, lhs.wtur_label AS wtur_label, lhs.wtur AS wtur, lhs.gensys_asp AS gensys_asp, lhs.gensys AS gensys, lhs.generator_asp AS generator_asp, rhs.generator AS generator
                                                                                                                                              Inner Join: lhs.generator_asp = rhs.generator_asp
                                                                                                                                                SubqueryAlias: lhs
                                                                                                                                                  Projection: lhs.site AS site, lhs.site_label AS site_label, lhs.wtur_asp AS wtur_asp, lhs.wtur_label AS wtur_label, lhs.wtur AS wtur, lhs.gensys_asp AS gensys_asp, lhs.gensys AS gensys, rhs.generator_asp AS generator_asp
                                                                                                                                                    Inner Join: lhs.gensys = rhs.gensys
                                                                                                                                                      SubqueryAlias: lhs
                                                                                                                                                        Projection: lhs.site AS site, lhs.site_label AS site_label, lhs.wtur_asp AS wtur_asp, lhs.wtur_label AS wtur_label, lhs.wtur AS wtur, lhs.gensys_asp AS gensys_asp, lhs.gensys AS gensys
                                                                                                                                                          Inner Join: lhs.gensys = rhs.gensys
                                                                                                                                                            SubqueryAlias: lhs
                                                                                                                                                              Projection: lhs.site AS site, lhs.site_label AS site_label, lhs.wtur_asp AS wtur_asp, lhs.wtur_label AS wtur_label, lhs.wtur AS wtur, lhs.gensys_asp AS gensys_asp, rhs.gensys AS gensys
                                                                                                                                                                Inner Join: lhs.gensys_asp = rhs.gensys_asp
                                                                                                                                                                  SubqueryAlias: lhs
                                                                                                                                                                    Projection: lhs.site AS site, lhs.site_label AS site_label, lhs.wtur_asp AS wtur_asp, lhs.wtur_label AS wtur_label, lhs.wtur AS wtur, rhs.gensys_asp AS gensys_asp
                                                                                                                                                                      Inner Join: lhs.wtur = rhs.wtur
                                                                                                                                                                        SubqueryAlias: lhs
                                                                                                                                                                          Projection: lhs.site AS site, lhs.site_label AS site_label, lhs.wtur_asp AS wtur_asp, lhs.wtur_label AS wtur_label, lhs.wtur AS wtur
                                                                                                                                                                            Inner Join: lhs.wtur = rhs.wtur
                                                                                                                                                                              SubqueryAlias: lhs
                                                                                                                                                                                Projection: lhs.site AS site, lhs.site_label AS site_label, lhs.wtur_asp AS wtur_asp, lhs.wtur_label AS wtur_label, rhs.wtur AS wtur
                                                                                                                                                                                  Inner Join: lhs.wtur_asp = rhs.wtur_asp
                                                                                                                                                                                    SubqueryAlias: lhs
                                                                                                                                                                                      Projection: lhs.site AS site, lhs.site_label AS site_label, lhs.wtur_asp AS wtur_asp, rhs.wtur_label AS wtur_label
                                                                                                                                                                                        Inner Join: lhs.wtur_asp = rhs.wtur_asp
                                                                                                                                                                                          SubqueryAlias: lhs
                                                                                                                                                                                            Projection: lhs.site AS site, lhs.site_label AS site_label, rhs.wtur_asp AS wtur_asp
                                                                                                                                                                                              Inner Join: lhs.site = rhs.site
                                                                                                                                                                                                SubqueryAlias: lhs
                                                                                                                                                                                                  Projection: lhs.site AS site, rhs.site_label AS site_label
                                                                                                                                                                                                    Inner Join: lhs.site = rhs.site
                                                                                                                                                                                                      SubqueryAlias: lhs
                                                                                                                                                                                                        QuadPattern (?site <http://www.w3.org/1999/02/22-rdf-syntax-ns#type> <https://github.com/magbak/chrontext/rds_power#Site>)
                                                                                                                                                                                                      SubqueryAlias: rhs
                                                                                                                                                                                                        QuadPattern (?site <http://www.w3.org/2000/01/rdf-schema#label> ?site_label)
                                                                                                                                                                                                SubqueryAlias: rhs
                                                                                                                                                                                                  QuadPattern (?site <https://github.com/magbak/chrontext/rds_power#hasFunctionalAspect> ?wtur_asp)
                                                                                                                                                                                          SubqueryAlias: rhs
                                                                                                                                                                                            QuadPattern (?wtur_asp <http://www.w3.org/2000/01/rdf-schema#label> ?wtur_label)
                                                                                                                                                                                    SubqueryAlias: rhs
                                                                                                                                                                                      QuadPattern (?wtur <https://github.com/magbak/chrontext/rds_power#hasFunctionalAspectNode> ?wtur_asp)
                                                                                                                                                                              SubqueryAlias: rhs
                                                                                                                                                                                QuadPattern (?wtur <http://www.w3.org/1999/02/22-rdf-syntax-ns#type> <https://github.com/magbak/chrontext/rds_power#A>)
                                                                                                                                                                        SubqueryAlias: rhs
                                                                                                                                                                          QuadPattern (?wtur <https://github.com/magbak/chrontext/rds_power#hasFunctionalAspect> ?gensys_asp)
                                                                                                                                                                  SubqueryAlias: rhs
                                                                                                                                                                    QuadPattern (?gensys <https://github.com/magbak/chrontext/rds_power#hasFunctionalAspectNode> ?gensys_asp)
                                                                                                                                                            SubqueryAlias: rhs
                                                                                                                                                              QuadPattern (?gensys <http://www.w3.org/1999/02/22-rdf-syntax-ns#type> <https://github.com/magbak/chrontext/rds_power#RA>)
                                                                                                                                                      SubqueryAlias: rhs
                                                                                                                                                        QuadPattern (?gensys <https://github.com/magbak/chrontext/rds_power#hasFunctionalAspect> ?generator_asp)
                                                                                                                                                SubqueryAlias: rhs
                                                                                                                                                  QuadPattern (?generator <https://github.com/magbak/chrontext/rds_power#hasFunctionalAspectNode> ?generator_asp)
                                                                                                                                          SubqueryAlias: rhs
                                                                                                                                            QuadPattern (?generator <http://www.w3.org/1999/02/22-rdf-syntax-ns#type> <https://github.com/magbak/chrontext/rds_power#GAA>)
                                                                                                                                    SubqueryAlias: rhs
                                                                                                                                      QuadPattern (?wtur <https://github.com/magbak/chrontext/rds_power#hasFunctionalAspect> ?weather_asp)
                                                                                                                              SubqueryAlias: rhs
                                                                                                                                QuadPattern (?weather <https://github.com/magbak/chrontext/rds_power#hasFunctionalAspectNode> ?weather_asp)
                                                                                                                        SubqueryAlias: rhs
                                                                                                                          QuadPattern (?weather <http://www.w3.org/1999/02/22-rdf-syntax-ns#type> <https://github.com/magbak/chrontext/rds_power#LE>)
                                                                                                                  SubqueryAlias: rhs
                                                                                                                    QuadPattern (?weather <https://github.com/magbak/chrontext#hasTimeseries> ?ts_speed)
                                                                                                            SubqueryAlias: rhs
                                                                                                              QuadPattern (?ts_speed <https://github.com/magbak/chrontext#hasDataPoint> ?dp_speed)
                                                                                                      SubqueryAlias: rhs
                                                                                                        QuadPattern (?dp_speed <https://github.com/magbak/chrontext#hasValue> ?val_speed)
                                                                                                SubqueryAlias: rhs
                                                                                                  QuadPattern (?dp_speed <https://github.com/magbak/chrontext#hasTimestamp> ?t)
                                                                                          SubqueryAlias: rhs
                                                                                            QuadPattern (?ts_speed <http://www.w3.org/2000/01/rdf-schema#label> "Windspeed")
                                                                                    SubqueryAlias: rhs
                                                                                      QuadPattern (?weather <https://github.com/magbak/chrontext#hasTimeseries> ?ts_dir)
                                                                              SubqueryAlias: rhs
                                                                                QuadPattern (?ts_dir <https://github.com/magbak/chrontext#hasDataPoint> ?dp_dir)
                                                                        SubqueryAlias: rhs
                                                                          QuadPattern (?dp_dir <https://github.com/magbak/chrontext#hasValue> ?val_dir)
                                                                  SubqueryAlias: rhs
                                                                    QuadPattern (?dp_dir <https://github.com/magbak/chrontext#hasTimestamp> ?t)
                                                            SubqueryAlias: rhs
                                                              QuadPattern (?ts_dir <http://www.w3.org/2000/01/rdf-schema#label> "WindDirection")
                                                      SubqueryAlias: rhs
                                                        QuadPattern (?generator <https://github.com/magbak/chrontext#hasTimeseries> ?ts_prod)
                                                SubqueryAlias: rhs
                                                  QuadPattern (?ts_prod <http://www.w3.org/2000/01/rdf-schema#label> "Production")
                                          SubqueryAlias: rhs
                                            QuadPattern (?ts_prod <https://github.com/magbak/chrontext#hasDataPoint> ?dp_prod)
                                    SubqueryAlias: rhs
                                      QuadPattern (?dp_prod <https://github.com/magbak/chrontext#hasValue> ?val_prod)
                              SubqueryAlias: rhs
                                QuadPattern (?dp_prod <https://github.com/magbak/chrontext#hasTimestamp> ?t)
