---
source: bench/tests/plans/bsbm_explore.rs
expression: "&explanation.optimized_logical_plan.to_string()"
---
Projection: ENC_PT(product) AS product, ENC_PT(label) AS label, ENC_PT(propertyTextual) AS propertyTextual
  Limit: skip=5, fetch=10
    Projection: first_value(product) ORDER BY [ENC_SORT(ENC_PT(label)) ASC NULLS FIRST, product ASC NULLS FIRST, propertyTextual ASC NULLS FIRST] AS product, first_value(label) ORDER BY [ENC_SORT(ENC_PT(label)) ASC NULLS FIRST, product ASC NULLS FIRST, propertyTextual ASC NULLS FIRST] AS label, first_value(propertyTextual) ORDER BY [ENC_SORT(ENC_PT(label)) ASC NULLS FIRST, product ASC NULLS FIRST, propertyTextual ASC NULLS FIRST] AS propertyTextual
      Sort: ENC_SORT(ENC_PT(label)) ASC NULLS FIRST, product ASC NULLS FIRST, propertyTextual ASC NULLS FIRST
        Aggregate: groupBy=[[ENC_SORT(ENC_PT(label)), product, propertyTextual]], aggr=[[first_value(product) ORDER BY [ENC_SORT(ENC_PT(label)) ASC NULLS FIRST, product ASC NULLS FIRST, propertyTextual ASC NULLS FIRST], first_value(label) ORDER BY [ENC_SORT(ENC_PT(label)) ASC NULLS FIRST, product ASC NULLS FIRST, propertyTextual ASC NULLS FIRST], first_value(propertyTextual) ORDER BY [ENC_SORT(ENC_PT(label)) ASC NULLS FIRST, product ASC NULLS FIRST, propertyTextual ASC NULLS FIRST]]]
          Projection: product, label, propertyTextual
            Sort: ENC_SORT(ENC_PT(label)) ASC NULLS FIRST
              Union
                Projection: product, label, propertyTextual, p1, CAST(NULL AS UInt32) AS p2
                  Filter: EBV(GT(ENC_TV(p1), ENC_TV(Struct({term_type:2,value:457,data_type:http://www.w3.org/2001/XMLSchema#integer,language_tag:}))))
                    Projection: lhs.product AS product, lhs.label AS label, lhs.propertyTextual AS propertyTextual, rhs.p1 AS p1
                      Inner Join: lhs.product = rhs.product
                        SubqueryAlias: lhs
                          Projection: lhs.product AS product, lhs.label AS label, rhs.propertyTextual AS propertyTextual
                            Inner Join: lhs.product = rhs.product
                              SubqueryAlias: lhs
                                Projection: lhs.product AS product, lhs.label AS label
                                  Inner Join: lhs.product = rhs.product
                                    SubqueryAlias: lhs
                                      Projection: lhs.product AS product, lhs.label AS label
                                        Inner Join: lhs.product = rhs.product
                                          SubqueryAlias: lhs
                                            Projection: lhs.product AS product, lhs.label AS label
                                              Inner Join: lhs.product = rhs.product
                                                SubqueryAlias: lhs
                                                  QuadPattern (?product <http://www.w3.org/2000/01/rdf-schema#label> ?label)
                                                SubqueryAlias: rhs
                                                  QuadPattern (?product <http://www.w3.org/1999/02/22-rdf-syntax-ns#type> <http://www4.wiwiss.fu-berlin.de/bizer/bsbm/v01/instances/ProductType138>)
                                          SubqueryAlias: rhs
                                            QuadPattern (?product <http://www4.wiwiss.fu-berlin.de/bizer/bsbm/v01/vocabulary/productFeature> <http://www4.wiwiss.fu-berlin.de/bizer/bsbm/v01/instances/ProductFeature4305>)
                                    SubqueryAlias: rhs
                                      QuadPattern (?product <http://www4.wiwiss.fu-berlin.de/bizer/bsbm/v01/vocabulary/productFeature> <http://www4.wiwiss.fu-berlin.de/bizer/bsbm/v01/instances/ProductFeature1427>)
                              SubqueryAlias: rhs
                                QuadPattern (?product <http://www4.wiwiss.fu-berlin.de/bizer/bsbm/v01/vocabulary/productPropertyTextual1> ?propertyTextual)
                        SubqueryAlias: rhs
                          QuadPattern (?product <http://www4.wiwiss.fu-berlin.de/bizer/bsbm/v01/vocabulary/productPropertyNumeric1> ?p1)
                Projection: product, label, propertyTextual, CAST(NULL AS UInt32) AS p1, p2
                  Filter: EBV(GT(ENC_TV(p2), ENC_TV(Struct({term_type:2,value:488,data_type:http://www.w3.org/2001/XMLSchema#integer,language_tag:}))))
                    Projection: lhs.product AS product, lhs.label AS label, lhs.propertyTextual AS propertyTextual, rhs.p2 AS p2
                      Inner Join: lhs.product = rhs.product
                        SubqueryAlias: lhs
                          Projection: lhs.product AS product, lhs.label AS label, rhs.propertyTextual AS propertyTextual
                            Inner Join: lhs.product = rhs.product
                              SubqueryAlias: lhs
                                Projection: lhs.product AS product, lhs.label AS label
                                  Inner Join: lhs.product = rhs.product
                                    SubqueryAlias: lhs
                                      Projection: lhs.product AS product, lhs.label AS label
                                        Inner Join: lhs.product = rhs.product
                                          SubqueryAlias: lhs
                                            Projection: lhs.product AS product, lhs.label AS label
                                              Inner Join: lhs.product = rhs.product
                                                SubqueryAlias: lhs
                                                  QuadPattern (?product <http://www.w3.org/2000/01/rdf-schema#label> ?label)
                                                SubqueryAlias: rhs
                                                  QuadPattern (?product <http://www.w3.org/1999/02/22-rdf-syntax-ns#type> <http://www4.wiwiss.fu-berlin.de/bizer/bsbm/v01/instances/ProductType138>)
                                          SubqueryAlias: rhs
                                            QuadPattern (?product <http://www4.wiwiss.fu-berlin.de/bizer/bsbm/v01/vocabulary/productFeature> <http://www4.wiwiss.fu-berlin.de/bizer/bsbm/v01/instances/ProductFeature4305>)
                                    SubqueryAlias: rhs
                                      QuadPattern (?product <http://www4.wiwiss.fu-berlin.de/bizer/bsbm/v01/vocabulary/productFeature> <http://www4.wiwiss.fu-berlin.de/bizer/bsbm/v01/instances/ProductFeature1444>)
                              SubqueryAlias: rhs
                                QuadPattern (?product <http://www4.wiwiss.fu-berlin.de/bizer/bsbm/v01/vocabulary/productPropertyTextual1> ?propertyTextual)
                        SubqueryAlias: rhs
                          QuadPattern (?product <http://www4.wiwiss.fu-berlin.de/bizer/bsbm/v01/vocabulary/productPropertyNumeric2> ?p2)
