---
source: bench/tests/plans/bsbm_explore.rs
expression: "&string"
---
ProjectionExec: expr=[ENC_PT(first_value(product) ORDER BY [ENC_SORT(ENC_PT(label)) ASC NULLS FIRST, product ASC NULLS FIRST, propertyTextual ASC NULLS FIRST]@3) as product, ENC_PT(first_value(label) ORDER BY [ENC_SORT(ENC_PT(label)) ASC NULLS FIRST, product ASC NULLS FIRST, propertyTextual ASC NULLS FIRST]@4) as label, ENC_PT(first_value(propertyTextual) ORDER BY [ENC_SORT(ENC_PT(label)) ASC NULLS FIRST, product ASC NULLS FIRST, propertyTextual ASC NULLS FIRST]@5) as propertyTextual]
  GlobalLimitExec: skip=5, fetch=10
    SortExec: TopK(fetch=15), expr=[ENC_SORT(ENC_PT(label))@0 ASC, product@1 ASC, propertyTextual@2 ASC], preserve_partitioning=[false], sort_prefix=[ENC_SORT(ENC_PT(label))@0 ASC]
      AggregateExec: mode=Single, gby=[ENC_SORT(ENC_PT(label@1)) as ENC_SORT(ENC_PT(label)), product@0 as product, propertyTextual@2 as propertyTextual], aggr=[first_value(product) ORDER BY [ENC_SORT(ENC_PT(label)) ASC NULLS FIRST, product ASC NULLS FIRST, propertyTextual ASC NULLS FIRST], first_value(label) ORDER BY [ENC_SORT(ENC_PT(label)) ASC NULLS FIRST, product ASC NULLS FIRST, propertyTextual ASC NULLS FIRST], first_value(propertyTextual) ORDER BY [ENC_SORT(ENC_PT(label)) ASC NULLS FIRST, product ASC NULLS FIRST, propertyTextual ASC NULLS FIRST]], ordering_mode=PartiallySorted([0])
        SortPreservingMergeExec: [ENC_SORT(ENC_PT(label@1)) ASC]
          UnionExec
            SortExec: expr=[ENC_SORT(ENC_PT(label@1)) ASC], preserve_partitioning=[false]
              CoalesceBatchesExec: target_batch_size=8192
                FilterExec: EBV(GT(ENC_TV(p1@3), ENC_TV({term_type:2,value:457,data_type:http://www.w3.org/2001/XMLSchema#integer,language_tag:}))), projection=[product@0, label@1, propertyTextual@2]
                  CoalesceBatchesExec: target_batch_size=8192
                    HashJoinExec: mode=CollectLeft, join_type=Inner, on=[(product@0, product@0)], projection=[product@0, label@1, propertyTextual@2, p1@4]
                      CoalesceBatchesExec: target_batch_size=8192
                        HashJoinExec: mode=CollectLeft, join_type=Inner, on=[(product@0, product@0)], projection=[product@0, label@1, propertyTextual@3]
                          CoalesceBatchesExec: target_batch_size=8192
                            HashJoinExec: mode=CollectLeft, join_type=Inner, on=[(product@0, product@0)], projection=[product@0, label@1]
                              CoalesceBatchesExec: target_batch_size=8192
                                HashJoinExec: mode=CollectLeft, join_type=Inner, on=[(product@0, product@0)], projection=[product@0, label@1]
                                  CoalesceBatchesExec: target_batch_size=8192
                                    HashJoinExec: mode=CollectLeft, join_type=Inner, on=[(product@0, product@0)], projection=[product@0, label@1]
                                      DataSourceExec: [GPOS] subject=?product, predicate=<http://www.w3.org/2000/01/rdf-schema#label>, object=?label
                                      DataSourceExec: [GPOS] subject=?product, predicate=<http://www.w3.org/1999/02/22-rdf-syntax-ns#type>, object=<http://www4.wiwiss.fu-berlin.de/bizer/bsbm/v01/instances/ProductType138>, additional_filters=[DynamicFilterPhysicalExpr [ true ]]
                                  DataSourceExec: [GPOS] subject=?product, predicate=<http://www4.wiwiss.fu-berlin.de/bizer/bsbm/v01/vocabulary/productFeature>, object=<http://www4.wiwiss.fu-berlin.de/bizer/bsbm/v01/instances/ProductFeature4305>, additional_filters=[DynamicFilterPhysicalExpr [ true ]]
                              DataSourceExec: [GPOS] subject=?product, predicate=<http://www4.wiwiss.fu-berlin.de/bizer/bsbm/v01/vocabulary/productFeature>, object=<http://www4.wiwiss.fu-berlin.de/bizer/bsbm/v01/instances/ProductFeature1427>, additional_filters=[DynamicFilterPhysicalExpr [ true ]]
                          DataSourceExec: [GPOS] subject=?product, predicate=<http://www4.wiwiss.fu-berlin.de/bizer/bsbm/v01/vocabulary/productPropertyTextual1>, object=?propertyTextual, additional_filters=[DynamicFilterPhysicalExpr [ true ]]
                      DataSourceExec: [GPOS] subject=?product, predicate=<http://www4.wiwiss.fu-berlin.de/bizer/bsbm/v01/vocabulary/productPropertyNumeric1>, object=?p1, additional_filters=[DynamicFilterPhysicalExpr [ true ]]
            SortExec: expr=[ENC_SORT(ENC_PT(label@1)) ASC], preserve_partitioning=[false]
              CoalesceBatchesExec: target_batch_size=8192
                FilterExec: EBV(GT(ENC_TV(p2@3), ENC_TV({term_type:2,value:488,data_type:http://www.w3.org/2001/XMLSchema#integer,language_tag:}))), projection=[product@0, label@1, propertyTextual@2]
                  CoalesceBatchesExec: target_batch_size=8192
                    HashJoinExec: mode=CollectLeft, join_type=Inner, on=[(product@0, product@0)], projection=[product@0, label@1, propertyTextual@2, p2@4]
                      CoalesceBatchesExec: target_batch_size=8192
                        HashJoinExec: mode=CollectLeft, join_type=Inner, on=[(product@0, product@0)], projection=[product@0, label@1, propertyTextual@3]
                          CoalesceBatchesExec: target_batch_size=8192
                            HashJoinExec: mode=CollectLeft, join_type=Inner, on=[(product@0, product@0)], projection=[product@0, label@1]
                              CoalesceBatchesExec: target_batch_size=8192
                                HashJoinExec: mode=CollectLeft, join_type=Inner, on=[(product@0, product@0)], projection=[product@0, label@1]
                                  CoalesceBatchesExec: target_batch_size=8192
                                    HashJoinExec: mode=CollectLeft, join_type=Inner, on=[(product@0, product@0)], projection=[product@0, label@1]
                                      DataSourceExec: [GPOS] subject=?product, predicate=<http://www.w3.org/2000/01/rdf-schema#label>, object=?label
                                      DataSourceExec: [GPOS] subject=?product, predicate=<http://www.w3.org/1999/02/22-rdf-syntax-ns#type>, object=<http://www4.wiwiss.fu-berlin.de/bizer/bsbm/v01/instances/ProductType138>, additional_filters=[DynamicFilterPhysicalExpr [ true ]]
                                  DataSourceExec: [GPOS] subject=?product, predicate=<http://www4.wiwiss.fu-berlin.de/bizer/bsbm/v01/vocabulary/productFeature>, object=<http://www4.wiwiss.fu-berlin.de/bizer/bsbm/v01/instances/ProductFeature4305>, additional_filters=[DynamicFilterPhysicalExpr [ true ]]
                              DataSourceExec: [GPOS] subject=?product, predicate=<http://www4.wiwiss.fu-berlin.de/bizer/bsbm/v01/vocabulary/productFeature>, object=<http://www4.wiwiss.fu-berlin.de/bizer/bsbm/v01/instances/ProductFeature1444>, additional_filters=[DynamicFilterPhysicalExpr [ true ]]
                          DataSourceExec: [GPOS] subject=?product, predicate=<http://www4.wiwiss.fu-berlin.de/bizer/bsbm/v01/vocabulary/productPropertyTextual1>, object=?propertyTextual, additional_filters=[DynamicFilterPhysicalExpr [ true ]]
                      DataSourceExec: [GPOS] subject=?product, predicate=<http://www4.wiwiss.fu-berlin.de/bizer/bsbm/v01/vocabulary/productPropertyNumeric2>, object=?p2, additional_filters=[DynamicFilterPhysicalExpr [ true ]]
